// Jest Snapshot v1, https://goo.gl/fbAQLP

exports[`Render Csv2Json 1`] = `
<button
  onClick={[Function]}
>
  Download Data
</button>
`;
